[saaspik.pixelsigns.art/saaspik/index-two.html]
[backblue.gif]
[fade.gif]
[index.html]
[saaspik.pixelsigns.art/saaspik/assets/img/fav/apple-touch-icon.png]
[saaspik.pixelsigns.art/saaspik/assets/img/fav/favicon-32x32.png]
[saaspik.pixelsigns.art/saaspik/assets/img/fav/favicon-16x16.png]
[saaspik.pixelsigns.art/saaspik/dependencies/bootstrap/css/bootstrap.min.css]
[saaspik.pixelsigns.art/saaspik/dependencies/fontawesome/css/all.min.css]
[saaspik.pixelsigns.art/saaspik/dependencies/swiper/css/swiper.min.css]
[saaspik.pixelsigns.art/saaspik/dependencies/wow/css/animate.css]
[saaspik.pixelsigns.art/saaspik/dependencies/magnific-popup/css/magnific-popup.css]
[saaspik.pixelsigns.art/saaspik/dependencies/components-elegant-icons/css/elegant-icons.min.css]
[saaspik.pixelsigns.art/saaspik/dependencies/simple-line-icons/css/simple-line-icons.css]
[saaspik.pixelsigns.art/saaspik/assets/css/app.css]
[saaspik.pixelsigns.art/saaspik/index.html]
[saaspik.pixelsigns.art/saaspik/assets/img/logo-two.png]
[saaspik.pixelsigns.art/saaspik/index-three.html]
[saaspik.pixelsigns.art/saaspik/index-four.html]
[saaspik.pixelsigns.art/saaspik/index-five.html]
[saaspik.pixelsigns.art/saaspik/index-six.html]
[saaspik.pixelsigns.art/saaspik/about.html]
[saaspik.pixelsigns.art/saaspik/blog.html]
[saaspik.pixelsigns.art/saaspik/blog-grid.html]
[saaspik.pixelsigns.art/saaspik/blog-single.html]
[saaspik.pixelsigns.art/saaspik/service.html]
[saaspik.pixelsigns.art/saaspik/team.html]
[saaspik.pixelsigns.art/saaspik/pricing.html]
[saaspik.pixelsigns.art/saaspik/portfolio-one.html]
[saaspik.pixelsigns.art/saaspik/portfolio-two.html]
[saaspik.pixelsigns.art/saaspik/portfolio-three.html]
[saaspik.pixelsigns.art/saaspik/portfolio-single.html]
[saaspik.pixelsigns.art/saaspik/faq.html]
[saaspik.pixelsigns.art/saaspik/error.html]
[saaspik.pixelsigns.art/saaspik/signin.html]
[saaspik.pixelsigns.art/saaspik/signup.html]
[saaspik.pixelsigns.art/saaspik/contact.html]
[saaspik.pixelsigns.art/saaspik/media/banner/top shape.png]
[saaspik.pixelsigns.art/saaspik/media/banner/01.png]
[saaspik.pixelsigns.art/saaspik/media/banner/02.png]
[saaspik.pixelsigns.art/saaspik/media/banner/03.png]
[saaspik.pixelsigns.art/saaspik/media/banner/04.png]
[saaspik.pixelsigns.art/saaspik/media/banner/05.png]
[saaspik.pixelsigns.art/saaspik/media/banner/06.png]
[saaspik.pixelsigns.art/saaspik/media/banner/07.png]
[saaspik.pixelsigns.art/saaspik/media/banner/cloud_01.png]
[saaspik.pixelsigns.art/saaspik/media/banner/cloud_02.png]
[saaspik.pixelsigns.art/saaspik/media/banner/cloud_03.png]
[saaspik.pixelsigns.art/saaspik/media/brand/1.png]
[saaspik.pixelsigns.art/saaspik/media/brand/2.png]
[saaspik.pixelsigns.art/saaspik/media/brand/3.png]
[saaspik.pixelsigns.art/saaspik/media/brand/4.png]
[saaspik.pixelsigns.art/saaspik/media/brand/5.png]
[saaspik.pixelsigns.art/saaspik/media/brand/6.png]
[saaspik.pixelsigns.art/saaspik/media/feature/6.png]
[saaspik.pixelsigns.art/saaspik/media/feature/7.png]
[saaspik.pixelsigns.art/saaspik/media/feature/8.png]
[saaspik.pixelsigns.art/saaspik/media/feature/9.png]
[saaspik.pixelsigns.art/saaspik/media/feature/10.png]
[saaspik.pixelsigns.art/saaspik/media/feature/11.png]
[saaspik.pixelsigns.art/saaspik/media/background/circle.png]
[saaspik.pixelsigns.art/saaspik/media/revolutionize/1.jpg]
[saaspik.pixelsigns.art/saaspik/media/revolutionize/2.jpg]
[saaspik.pixelsigns.art/saaspik/media/revolutionize/3.jpg]
[saaspik.pixelsigns.art/saaspik/media/revolutionize/4.jpg]
[saaspik.pixelsigns.art/saaspik/media/animated/01.png]
[saaspik.pixelsigns.art/saaspik/media/animated/02.png]
[saaspik.pixelsigns.art/saaspik/media/animated/03.png]
[saaspik.pixelsigns.art/saaspik/media/animated/04.png]
[saaspik.pixelsigns.art/saaspik/media/animated/05.png]
[saaspik.pixelsigns.art/saaspik/media/animated/06.png]
[saaspik.pixelsigns.art/saaspik/media/animated/07.png]
[saaspik.pixelsigns.art/saaspik/media/animated/1.png]
[saaspik.pixelsigns.art/saaspik/media/animated/2.png]
[saaspik.pixelsigns.art/saaspik/media/animated/3.png]
[saaspik.pixelsigns.art/saaspik/media/animated/4.png]
[saaspik.pixelsigns.art/saaspik/media/background/circle2.png]
[saaspik.pixelsigns.art/saaspik/media/background/ellipse2.png]
[saaspik.pixelsigns.art/saaspik/media/testimonial/1.jpg]
[saaspik.pixelsigns.art/saaspik/media/testimonial/quote.png]
[saaspik.pixelsigns.art/saaspik/media/background/map.png]
[saaspik.pixelsigns.art/saaspik/media/background/circle3.png]
[saaspik.pixelsigns.art/saaspik/media/blog/1.jpg]
[saaspik.pixelsigns.art/saaspik/media/blog/auth.jpg]
[saaspik.pixelsigns.art/saaspik/media/blog/2.jpg]
[saaspik.pixelsigns.art/saaspik/media/blog/auth2.jpg]
[saaspik.pixelsigns.art/saaspik/media/blog/3.jpg]
[saaspik.pixelsigns.art/saaspik/media/blog/auth3.jpg]
[saaspik.pixelsigns.art/saaspik/media/background/map-bg.jpg]
[saaspik.pixelsigns.art/saaspik/media/background/circle10.png]
[saaspik.pixelsigns.art/saaspik/dependencies/popper.js/popper.min.js]
[saaspik.pixelsigns.art/saaspik/dependencies/jquery.appear/jquery.appear.js]
[saaspik.pixelsigns.art/saaspik/dependencies/bootstrap/js/bootstrap.min.js]
[saaspik.pixelsigns.art/saaspik/dependencies/wow/js/wow.min.js]
[saaspik.pixelsigns.art/saaspik/dependencies/jquery/jquery.min.js]
[saaspik.pixelsigns.art/saaspik/dependencies/countUp.js/countUp.min.js]
[saaspik.pixelsigns.art/saaspik/dependencies/swiper/js/swiper.min.js]
[saaspik.pixelsigns.art/saaspik/dependencies/imagesloaded/imagesloaded.pkgd.min.js]
[saaspik.pixelsigns.art/saaspik/dependencies/jquery.parallax-scroll/js/jquery.parallax-scroll.js]
[saaspik.pixelsigns.art/saaspik/dependencies/isotope-layout/isotope.pkgd.min.js]
[saaspik.pixelsigns.art/saaspik/dependencies/magnific-popup/js/jquery.magnific-popup.min.js]
[saaspik.pixelsigns.art/saaspik/dependencies/gmap3/js/gmap3.min.js]
[maps.googleapis.com/maps/api/js1d32]
[saaspik.pixelsigns.art/saaspik/assets/js/header.js]
[saaspik.pixelsigns.art/saaspik/index-two.html]
[saaspik.pixelsigns.art/saaspik/assets/img/fav/safari-pinned-tab.svg]
[saaspik.pixelsigns.art/saaspik/dependencies/bootstrap/css/bootstrap.min.css]
[saaspik.pixelsigns.art/saaspik/assets/js/app.js]
[saaspik.pixelsigns.art/saaspik/dependencies/fontawesome/webfonts/fa-brands-400.eot]
[saaspik.pixelsigns.art/saaspik/dependencies/fontawesome/webfonts/fa-brands-400d41d.eot]
[saaspik.pixelsigns.art/saaspik/dependencies/fontawesome/webfonts/fa-brands-400.woff]
[saaspik.pixelsigns.art/saaspik/dependencies/fontawesome/webfonts/fa-brands-400.ttf]
[saaspik.pixelsigns.art/saaspik/dependencies/fontawesome/webfonts/fa-regular-400.eot]
[saaspik.pixelsigns.art/saaspik/dependencies/fontawesome/webfonts/fa-brands-400.svg]
[saaspik.pixelsigns.art/saaspik/dependencies/fontawesome/webfonts/fa-regular-400d41d.eot]
[saaspik.pixelsigns.art/saaspik/dependencies/fontawesome/webfonts/fa-regular-400.woff]
[saaspik.pixelsigns.art/saaspik/dependencies/fontawesome/webfonts/fa-regular-400.ttf]
[saaspik.pixelsigns.art/saaspik/dependencies/fontawesome/webfonts/fa-regular-400.svg]
[saaspik.pixelsigns.art/saaspik/dependencies/fontawesome/webfonts/fa-solid-900.eot]
[saaspik.pixelsigns.art/saaspik/dependencies/fontawesome/webfonts/fa-solid-900d41d.eot]
[saaspik.pixelsigns.art/saaspik/dependencies/fontawesome/webfonts/fa-solid-900.woff]
[saaspik.pixelsigns.art/saaspik/dependencies/fontawesome/webfonts/fa-solid-900.ttf]
[saaspik.pixelsigns.art/saaspik/dependencies/fontawesome/webfonts/fa-solid-900.svg]
[saaspik.pixelsigns.art/saaspik/dependencies/fontawesome/css/all.min.css]
[saaspik.pixelsigns.art/saaspik/dependencies/swiper/css/swiper.min.css]
[saaspik.pixelsigns.art/saaspik/dependencies/wow/css/animate.css]
[saaspik.pixelsigns.art/saaspik/dependencies/magnific-popup/css/magnific-popup.css]
[saaspik.pixelsigns.art/saaspik/dependencies/components-elegant-icons/fonts/ElegantIcons746c.eot]
[saaspik.pixelsigns.art/saaspik/dependencies/components-elegant-icons/fonts/ElegantIconsd41d.eot]
[saaspik.pixelsigns.art/saaspik/dependencies/components-elegant-icons/fonts/ElegantIcons746c.woff]
[saaspik.pixelsigns.art/saaspik/dependencies/components-elegant-icons/fonts/ElegantIcons746c.ttf]
[saaspik.pixelsigns.art/saaspik/dependencies/components-elegant-icons/fonts/ElegantIcons746c.svg]
[saaspik.pixelsigns.art/saaspik/dependencies/components-elegant-icons/css/elegant-icons.min.css]
[saaspik.pixelsigns.art/saaspik/dependencies/simple-line-icons/fonts/Simple-Line-Iconsb26c.eot]
[saaspik.pixelsigns.art/saaspik/dependencies/simple-line-icons/fonts/Simple-Line-Iconsb26c.ttf]
[saaspik.pixelsigns.art/saaspik/dependencies/simple-line-icons/fonts/Simple-Line-Iconsb26c.woff]
[saaspik.pixelsigns.art/saaspik/dependencies/simple-line-icons/fonts/Simple-Line-Iconsb26c.svg]
[saaspik.pixelsigns.art/saaspik/dependencies/simple-line-icons/css/simple-line-icons.css]
[saaspik.pixelsigns.art/saaspik/assets/fonts/Flaticond41d.eot]
[saaspik.pixelsigns.art/saaspik/assets/fonts/Flaticon.woff]
[saaspik.pixelsigns.art/saaspik/assets/fonts/Flaticon.ttf]
[saaspik.pixelsigns.art/saaspik/assets/fonts/Flaticon.svg]
[saaspik.pixelsigns.art/saaspik/media/blog/quote2.png]
[saaspik.pixelsigns.art/saaspik/assets/css/app.css]
[fonts.googleapis.com/css9425.css]
[saaspik.pixelsigns.art/saaspik/assets/img/main-logo.png]
[saaspik.pixelsigns.art/saaspik/assets/img/sticky-logo.png]
[saaspik.pixelsigns.art/saaspik/media/banner/circle-shape.png]
[saaspik.pixelsigns.art/saaspik/media/banner/macbook.png]
[saaspik.pixelsigns.art/saaspik/media/banner/shape-bg.png]
[saaspik.pixelsigns.art/saaspik/media/feature/1.png]
[saaspik.pixelsigns.art/saaspik/media/feature/2.png]
[saaspik.pixelsigns.art/saaspik/media/feature/3.png]
[saaspik.pixelsigns.art/saaspik/media/feature/4.png]
[saaspik.pixelsigns.art/saaspik/media/feature/41.png]
[saaspik.pixelsigns.art/saaspik/media/background/shape_bg.png]
[saaspik.pixelsigns.art/saaspik/media/feature/5.png]
[saaspik.pixelsigns.art/saaspik/media/feature/51.png]
[saaspik.pixelsigns.art/saaspik/media/background/shape.png]
[saaspik.pixelsigns.art/saaspik/media/background/circle9.png]
[saaspik.pixelsigns.art/saaspik/media/background/circle8.png]
[saaspik.pixelsigns.art/saaspik/media/background/ellipse.png]
[saaspik.pixelsigns.art/saaspik/media/background/circle13.png]
[saaspik.pixelsigns.art/saaspik/index.html]
[saaspik.pixelsigns.art/saaspik/media/banner/mockup3.jpg]
[saaspik.pixelsigns.art/saaspik/media/background/circle4.png]
[saaspik.pixelsigns.art/saaspik/media/background/shape2.png]
[saaspik.pixelsigns.art/saaspik/media/feature/20.png]
[saaspik.pixelsigns.art/saaspik/media/feature/19.png]
[saaspik.pixelsigns.art/saaspik/media/feature/18.png]
[saaspik.pixelsigns.art/saaspik/media/team/1.jpg]
[saaspik.pixelsigns.art/saaspik/media/team/2.jpg]
[saaspik.pixelsigns.art/saaspik/media/team/3.jpg]
[saaspik.pixelsigns.art/saaspik/media/background/circle5.png]
[saaspik.pixelsigns.art/saaspik/media/feature/14.png]
[saaspik.pixelsigns.art/saaspik/media/feature/15.png]
[saaspik.pixelsigns.art/saaspik/media/feature/16.png]
[saaspik.pixelsigns.art/saaspik/media/feature/17.png]
[saaspik.pixelsigns.art/saaspik/media/background/circle11.png]
[saaspik.pixelsigns.art/saaspik/media/testimonial/4.jpg]
[saaspik.pixelsigns.art/saaspik/media/testimonial/quote2.png]
[saaspik.pixelsigns.art/saaspik/media/background/circle12.png]
[saaspik.pixelsigns.art/saaspik/media/background/map2.png]
[saaspik.pixelsigns.art/saaspik/index-three.html]
[saaspik.pixelsigns.art/saaspik/media/banner/mobile.png]
[saaspik.pixelsigns.art/saaspik/media/banner/banner-three-shape.png]
[saaspik.pixelsigns.art/saaspik/media/feature/tablet.png]
[saaspik.pixelsigns.art/saaspik/media/feature/22.png]
[saaspik.pixelsigns.art/saaspik/media/feature/23.png]
[saaspik.pixelsigns.art/saaspik/media/feature/24.png]
[saaspik.pixelsigns.art/saaspik/media/feature/25.png]
[saaspik.pixelsigns.art/saaspik/media/background/down-bg.png]
[saaspik.pixelsigns.art/saaspik/media/feature/27.png]
[saaspik.pixelsigns.art/saaspik/media/feature/26.png]
[saaspik.pixelsigns.art/saaspik/media/feature/28.png]
[saaspik.pixelsigns.art/saaspik/media/feature/29.png]
[saaspik.pixelsigns.art/saaspik/media/background/left-shape.png]
[saaspik.pixelsigns.art/saaspik/media/background/right_shape.png]
[saaspik.pixelsigns.art/saaspik/media/download/1.png]
[saaspik.pixelsigns.art/saaspik/media/download/2.png]
[saaspik.pixelsigns.art/saaspik/media/blog/23.jpg]
[saaspik.pixelsigns.art/saaspik/media/blog/24.jpg]
[saaspik.pixelsigns.art/saaspik/index-four.html]
[saaspik.pixelsigns.art/saaspik/media/banner/banner-five/shape-bg.png]
[saaspik.pixelsigns.art/saaspik/media/banner/banner-five/1.png]
[saaspik.pixelsigns.art/saaspik/media/banner/banner-five/2.png]
[saaspik.pixelsigns.art/saaspik/media/banner/banner-five/3.png]
[saaspik.pixelsigns.art/saaspik/media/banner/banner-five/4.png]
[saaspik.pixelsigns.art/saaspik/media/banner/banner-five/5.png]
[saaspik.pixelsigns.art/saaspik/media/banner/banner-five/6.png]
[saaspik.pixelsigns.art/saaspik/media/banner/banner-five/7.png]
[saaspik.pixelsigns.art/saaspik/media/banner/banner-five/8.png]
[saaspik.pixelsigns.art/saaspik/media/banner/banner-five/9.png]
[saaspik.pixelsigns.art/saaspik/media/banner/banner-five/ta1.png]
[saaspik.pixelsigns.art/saaspik/media/banner/banner-five/ta4.png]
[saaspik.pixelsigns.art/saaspik/media/banner/banner-five/ta2.png]
[saaspik.pixelsigns.art/saaspik/media/banner/banner-five/ta3.png]
[saaspik.pixelsigns.art/saaspik/media/banner/banner-five/cm1.png]
[saaspik.pixelsigns.art/saaspik/media/banner/banner-five/circle.png]
[saaspik.pixelsigns.art/saaspik/media/about/2.png]
[saaspik.pixelsigns.art/saaspik/media/about/2.jpg]
[saaspik.pixelsigns.art/saaspik/media/tabs/1.png]
[saaspik.pixelsigns.art/saaspik/media/tabs/2.png]
[saaspik.pixelsigns.art/saaspik/media/tabs/3.png]
[saaspik.pixelsigns.art/saaspik/media/feature/30.png]
[saaspik.pixelsigns.art/saaspik/media/feature/31.png]
[saaspik.pixelsigns.art/saaspik/media/feature/32.png]
[saaspik.pixelsigns.art/saaspik/media/feature/33.png]
[saaspik.pixelsigns.art/saaspik/media/feature/34.png]
[saaspik.pixelsigns.art/saaspik/media/feature/35.png]
[saaspik.pixelsigns.art/saaspik/media/team/10.jpg]
[saaspik.pixelsigns.art/saaspik/media/team/11.jpg]
[saaspik.pixelsigns.art/saaspik/media/team/12.jpg]
[saaspik.pixelsigns.art/saaspik/media/team/13.jpg]
[saaspik.pixelsigns.art/saaspik/media/team/14.jpg]
[saaspik.pixelsigns.art/saaspik/media/team/15.jpg]
[saaspik.pixelsigns.art/saaspik/media/team/16.jpg]
[saaspik.pixelsigns.art/saaspik/media/team/17.jpg]
[saaspik.pixelsigns.art/saaspik/media/testimonial/3.jpg]
[saaspik.pixelsigns.art/saaspik/media/testimonial/quote3.png]
[saaspik.pixelsigns.art/saaspik/media/testimonial/2.jpg]
[saaspik.pixelsigns.art/saaspik/index-five.html]
[saaspik.pixelsigns.art/saaspik/media/banner/tax/1.jpg]
[saaspik.pixelsigns.art/saaspik/media/banner/tax/dot.png]
[saaspik.pixelsigns.art/saaspik/media/banner/tax/bottom-shape.png]
[saaspik.pixelsigns.art/saaspik/media/banner/tax/coin2.png]
[saaspik.pixelsigns.art/saaspik/media/banner/tax/usd.png]
[saaspik.pixelsigns.art/saaspik/media/banner/tax/coin3.png]
[saaspik.pixelsigns.art/saaspik/media/banner/tax/coin.png]
[saaspik.pixelsigns.art/saaspik/media/banner/tax/angle.png]
[saaspik.pixelsigns.art/saaspik/media/feature/52.png]
[saaspik.pixelsigns.art/saaspik/media/feature/53.png]
[saaspik.pixelsigns.art/saaspik/media/feature/54.png]
[saaspik.pixelsigns.art/saaspik/media/about/3.jpg]
[saaspik.pixelsigns.art/saaspik/media/about/dot.png]
[saaspik.pixelsigns.art/saaspik/media/background/dot.png]
[saaspik.pixelsigns.art/saaspik/media/about/dot2.png]
[saaspik.pixelsigns.art/saaspik/media/feature/55.png]
[saaspik.pixelsigns.art/saaspik/media/feature/56.png]
[saaspik.pixelsigns.art/saaspik/media/feature/57.png]
[saaspik.pixelsigns.art/saaspik/media/feature/58.png]
[saaspik.pixelsigns.art/saaspik/media/feature/59.png]
[saaspik.pixelsigns.art/saaspik/media/feature/60.png]
[saaspik.pixelsigns.art/saaspik/media/background/action-shape.png]
[saaspik.pixelsigns.art/saaspik/media/background/testi-shape.png]
[saaspik.pixelsigns.art/saaspik/media/testimonial/quote4.png]
[saaspik.pixelsigns.art/saaspik/media/testimonial/r1.png]
[saaspik.pixelsigns.art/saaspik/media/testimonial/r2.png]
[saaspik.pixelsigns.art/saaspik/media/testimonial/r3.png]
[saaspik.pixelsigns.art/saaspik/media/testimonial/r4.png]
[saaspik.pixelsigns.art/saaspik/media/testimonial/r5.png]
[saaspik.pixelsigns.art/saaspik/media/testimonial/r6.png]
[saaspik.pixelsigns.art/saaspik/media/footer/1.png]
[saaspik.pixelsigns.art/saaspik/media/footer/7.png]
[saaspik.pixelsigns.art/saaspik/media/footer/2.png]
[saaspik.pixelsigns.art/saaspik/media/footer/3.png]
[saaspik.pixelsigns.art/saaspik/media/footer/5.png]
[saaspik.pixelsigns.art/saaspik/media/footer/6.png]
[saaspik.pixelsigns.art/saaspik/index-six.html]
[saaspik.pixelsigns.art/saaspik/media/about/sing.png]
[saaspik.pixelsigns.art/saaspik/media/about/1.jpg]
[saaspik.pixelsigns.art/saaspik/about.html]
[saaspik.pixelsigns.art/saaspik/media/blog/4.jpg]
[saaspik.pixelsigns.art/saaspik/media/blog/5.jpg]
[saaspik.pixelsigns.art/saaspik/media/blog/quote.png]
[saaspik.pixelsigns.art/saaspik/media/blog/12.jpg]
[saaspik.pixelsigns.art/saaspik/media/blog/11.jpg]
[saaspik.pixelsigns.art/saaspik/media/blog/8.jpg]
[saaspik.pixelsigns.art/saaspik/media/blog/9.jpg]
[saaspik.pixelsigns.art/saaspik/media/blog/10.jpg]
[saaspik.pixelsigns.art/saaspik/blog.html]
[saaspik.pixelsigns.art/saaspik/media/blog/13.jpg]
[saaspik.pixelsigns.art/saaspik/media/blog/14.jpg]
[saaspik.pixelsigns.art/saaspik/media/blog/15.jpg]
[saaspik.pixelsigns.art/saaspik/media/blog/16.jpg]
[saaspik.pixelsigns.art/saaspik/media/blog/17.jpg]
[saaspik.pixelsigns.art/saaspik/media/blog/18.jpg]
[saaspik.pixelsigns.art/saaspik/media/blog/19.jpg]
[saaspik.pixelsigns.art/saaspik/media/blog/20.jpg]
[saaspik.pixelsigns.art/saaspik/media/blog/21.jpg]
[saaspik.pixelsigns.art/saaspik/blog-grid.html]
[saaspik.pixelsigns.art/saaspik/media/blog/author.jpg]
[saaspik.pixelsigns.art/saaspik/media/blog/avatar1.jpg]
[saaspik.pixelsigns.art/saaspik/media/blog/avatar2.jpg]
[saaspik.pixelsigns.art/saaspik/blog-single.html]
[saaspik.pixelsigns.art/saaspik/media/service/1.jpg]
[saaspik.pixelsigns.art/saaspik/service.html]
[saaspik.pixelsigns.art/saaspik/media/team/4.jpg]
[saaspik.pixelsigns.art/saaspik/media/team/5.jpg]
[saaspik.pixelsigns.art/saaspik/media/team/6.jpg]
[saaspik.pixelsigns.art/saaspik/media/team/7.jpg]
[saaspik.pixelsigns.art/saaspik/media/team/8.jpg]
[saaspik.pixelsigns.art/saaspik/media/team/9.jpg]
[saaspik.pixelsigns.art/saaspik/team.html]
[saaspik.pixelsigns.art/saaspik/pricing.html]
[saaspik.pixelsigns.art/saaspik/portfolio.html]
[saaspik.pixelsigns.art/saaspik/media/portfolio/1.jpg]
[saaspik.pixelsigns.art/saaspik/media/portfolio/2.jpg]
[saaspik.pixelsigns.art/saaspik/media/portfolio/3.jpg]
[saaspik.pixelsigns.art/saaspik/media/portfolio/4.jpg]
[saaspik.pixelsigns.art/saaspik/media/portfolio/5.jpg]
[saaspik.pixelsigns.art/saaspik/media/portfolio/6.jpg]
[saaspik.pixelsigns.art/saaspik/media/portfolio/7.jpg]
[saaspik.pixelsigns.art/saaspik/media/portfolio/8.jpg]
[saaspik.pixelsigns.art/saaspik/portfolio-one.html]
[saaspik.pixelsigns.art/saaspik/media/portfolio/9.jpg]
[saaspik.pixelsigns.art/saaspik/media/portfolio/10.jpg]
[saaspik.pixelsigns.art/saaspik/media/portfolio/11.jpg]
[saaspik.pixelsigns.art/saaspik/media/portfolio/12.jpg]
[saaspik.pixelsigns.art/saaspik/media/portfolio/13.jpg]
[saaspik.pixelsigns.art/saaspik/media/portfolio/14.jpg]
[saaspik.pixelsigns.art/saaspik/media/portfolio/16.jpg]
[saaspik.pixelsigns.art/saaspik/media/portfolio/17.jpg]
[saaspik.pixelsigns.art/saaspik/portfolio-two.html]
[saaspik.pixelsigns.art/saaspik/media/portfolio/18.jpg]
[saaspik.pixelsigns.art/saaspik/media/portfolio/19.jpg]
[saaspik.pixelsigns.art/saaspik/media/portfolio/20.jpg]
[saaspik.pixelsigns.art/saaspik/media/portfolio/22.jpg]
[saaspik.pixelsigns.art/saaspik/media/portfolio/23.jpg]
[saaspik.pixelsigns.art/saaspik/media/portfolio/21.jpg]
[saaspik.pixelsigns.art/saaspik/media/portfolio/25.jpg]
[saaspik.pixelsigns.art/saaspik/media/portfolio/24.jpg]
[saaspik.pixelsigns.art/saaspik/media/portfolio/26.jpg]
[saaspik.pixelsigns.art/saaspik/media/portfolio/28.jpg]
[saaspik.pixelsigns.art/saaspik/media/portfolio/27.jpg]
[saaspik.pixelsigns.art/saaspik/media/portfolio/29.jpg]
[saaspik.pixelsigns.art/saaspik/portfolio-three.html]
[saaspik.pixelsigns.art/saaspik/media/portfolio/30.jpg]
[saaspik.pixelsigns.art/saaspik/portfolio-single.html]
[saaspik.pixelsigns.art/saaspik/faq.html]
[saaspik.pixelsigns.art/saaspik/media/background/error.png]
[saaspik.pixelsigns.art/saaspik/error.html]
[saaspik.pixelsigns.art/saaspik/media/animated/lock.png]
[saaspik.pixelsigns.art/saaspik/media/animated/lock2.png]
[saaspik.pixelsigns.art/saaspik/signin.html]
[saaspik.pixelsigns.art/saaspik/media/animated/signup.png]
[saaspik.pixelsigns.art/saaspik/media/animated/signup2.png]
[saaspik.pixelsigns.art/saaspik/signup.html]
[saaspik.pixelsigns.art/saaspik/media/animated/001.png]
[saaspik.pixelsigns.art/saaspik/media/animated/002.png]
[saaspik.pixelsigns.art/saaspik/media/animated/003.png]
[saaspik.pixelsigns.art/saaspik/media/animated/004.png]
[saaspik.pixelsigns.art/saaspik/assets/img/map-marker.png]
[saaspik.pixelsigns.art/saaspik/contact.html]
[www.pixelsigns.art/index.html]
[saaspik.pixelsigns.art/saaspik/dependencies/fontawesome/webfonts/fa-brands-400.html]
[saaspik.pixelsigns.art/saaspik/dependencies/fontawesome/webfonts/fa-brands-400.svg]
[saaspik.pixelsigns.art/saaspik/dependencies/fontawesome/webfonts/fa-regular-400.html]
[saaspik.pixelsigns.art/saaspik/dependencies/fontawesome/webfonts/fa-regular-400.svg]
[saaspik.pixelsigns.art/saaspik/dependencies/fontawesome/webfonts/fa-solid-900.html]
[saaspik.pixelsigns.art/saaspik/dependencies/fontawesome/webfonts/fa-solid-900.svg]
[saaspik.pixelsigns.art/saaspik/dependencies/components-elegant-icons/fonts/ElegantIcons746c.svg]
[saaspik.pixelsigns.art/saaspik/dependencies/simple-line-icons/fonts/Simple-Line-Iconsb26c.html]
[saaspik.pixelsigns.art/saaspik/dependencies/simple-line-icons/fonts/Simple-Line-Iconsb26c.svg]
[saaspik.pixelsigns.art/saaspik/assets/css/Flaticon.html]
[saaspik.pixelsigns.art/saaspik/assets/fonts/Flaticon.svg]
[saaspik.pixelsigns.art/saaspik/media/feature/section_bg.svg]
[saaspik.pixelsigns.art/saaspik/blog-signle.html]
